// Jest Snapshot v1, https://goo.gl/fbAQLP

exports[`matches spinner snapshot 1`] = `
<div>
  <div
    className="row"
  >
    <div
      className="col-md-12"
    >
      <div
        className="footer p-3 mt-4 text-center bg-dark text-light"
      >
        Developed By:
        <span
          className="text-warning font-weight-normal"
        >
          Peris Ndanu
        </span>
        , Using
         
        <i
          className="fab fa-react"
        />
         
        React JS & Redux JS integrated with external movies data API
        <a
          href="http://www.omdbapi.com/"
          rel="noopener noreferrer"
          target="_blank"
        >
          OMDB
        </a>
      </div>
    </div>
  </div>
</div>
`;
